------------------------------------------------------------
Timing Analyzer Summary
------------------------------------------------------------

Type  : Slow 1200mV 85C Model Setup 'clock'
Slack : -15.633
TNS   : -42996.894

Type  : Slow 1200mV 85C Model Setup 'Protoboard:inst6|Practica2:b2v_inst7|div_freq:b2v_inst3|temporal'
Slack : 0.172
TNS   : 0.000

Type  : Slow 1200mV 85C Model Hold 'clock'
Slack : 0.356
TNS   : 0.000

Type  : Slow 1200mV 85C Model Hold 'Protoboard:inst6|Practica2:b2v_inst7|div_freq:b2v_inst3|temporal'
Slack : 0.358
TNS   : 0.000

Type  : Slow 1200mV 85C Model Minimum Pulse Width 'clock'
Slack : -3.000
TNS   : -4356.696

Type  : Slow 1200mV 85C Model Minimum Pulse Width 'Protoboard:inst6|Practica2:b2v_inst7|div_freq:b2v_inst3|temporal'
Slack : -1.000
TNS   : -2.000

Type  : Slow 1200mV 0C Model Setup 'clock'
Slack : -13.913
TNS   : -38394.909

Type  : Slow 1200mV 0C Model Setup 'Protoboard:inst6|Practica2:b2v_inst7|div_freq:b2v_inst3|temporal'
Slack : 0.257
TNS   : 0.000

Type  : Slow 1200mV 0C Model Hold 'Protoboard:inst6|Practica2:b2v_inst7|div_freq:b2v_inst3|temporal'
Slack : 0.312
TNS   : 0.000

Type  : Slow 1200mV 0C Model Hold 'clock'
Slack : 0.312
TNS   : 0.000

Type  : Slow 1200mV 0C Model Minimum Pulse Width 'clock'
Slack : -3.000
TNS   : -4356.696

Type  : Slow 1200mV 0C Model Minimum Pulse Width 'Protoboard:inst6|Practica2:b2v_inst7|div_freq:b2v_inst3|temporal'
Slack : -1.000
TNS   : -2.000

Type  : Fast 1200mV 0C Model Setup 'clock'
Slack : -8.470
TNS   : -22347.090

Type  : Fast 1200mV 0C Model Setup 'Protoboard:inst6|Practica2:b2v_inst7|div_freq:b2v_inst3|temporal'
Slack : 0.535
TNS   : 0.000

Type  : Fast 1200mV 0C Model Hold 'clock'
Slack : 0.183
TNS   : 0.000

Type  : Fast 1200mV 0C Model Hold 'Protoboard:inst6|Practica2:b2v_inst7|div_freq:b2v_inst3|temporal'
Slack : 0.187
TNS   : 0.000

Type  : Fast 1200mV 0C Model Minimum Pulse Width 'clock'
Slack : -3.000
TNS   : -4616.112

Type  : Fast 1200mV 0C Model Minimum Pulse Width 'Protoboard:inst6|Practica2:b2v_inst7|div_freq:b2v_inst3|temporal'
Slack : -1.000
TNS   : -2.000

------------------------------------------------------------
