------------------------------------------------------------
Timing Analyzer Summary
------------------------------------------------------------

Type  : Slow 1200mV 85C Model Setup 'clock'
Slack : -19.615
TNS   : -56163.229

Type  : Slow 1200mV 85C Model Setup 'CLK'
Slack : -9.776
TNS   : -220.950

Type  : Slow 1200mV 85C Model Setup 'WriteIns'
Slack : -4.863
TNS   : -14969.244

Type  : Slow 1200mV 85C Model Setup 'Protoboard:inst6|Practica2:b2v_inst7|div_freq:b2v_inst3|temporal'
Slack : 0.177
TNS   : 0.000

Type  : Slow 1200mV 85C Model Hold 'CLK'
Slack : 0.343
TNS   : 0.000

Type  : Slow 1200mV 85C Model Hold 'Protoboard:inst6|Practica2:b2v_inst7|div_freq:b2v_inst3|temporal'
Slack : 0.357
TNS   : 0.000

Type  : Slow 1200mV 85C Model Hold 'clock'
Slack : 0.615
TNS   : 0.000

Type  : Slow 1200mV 85C Model Hold 'WriteIns'
Slack : 2.159
TNS   : 0.000

Type  : Slow 1200mV 85C Model Minimum Pulse Width 'clock'
Slack : -3.000
TNS   : -4241.000

Type  : Slow 1200mV 85C Model Minimum Pulse Width 'WriteIns'
Slack : -3.000
TNS   : -4099.000

Type  : Slow 1200mV 85C Model Minimum Pulse Width 'CLK'
Slack : -3.000
TNS   : -77.000

Type  : Slow 1200mV 85C Model Minimum Pulse Width 'Protoboard:inst6|Practica2:b2v_inst7|div_freq:b2v_inst3|temporal'
Slack : -1.000
TNS   : -2.000

Type  : Slow 1200mV 0C Model Setup 'clock'
Slack : -17.551
TNS   : -50215.538

Type  : Slow 1200mV 0C Model Setup 'CLK'
Slack : -8.720
TNS   : -190.467

Type  : Slow 1200mV 0C Model Setup 'WriteIns'
Slack : -4.262
TNS   : -13260.886

Type  : Slow 1200mV 0C Model Setup 'Protoboard:inst6|Practica2:b2v_inst7|div_freq:b2v_inst3|temporal'
Slack : 0.258
TNS   : 0.000

Type  : Slow 1200mV 0C Model Hold 'CLK'
Slack : 0.299
TNS   : 0.000

Type  : Slow 1200mV 0C Model Hold 'Protoboard:inst6|Practica2:b2v_inst7|div_freq:b2v_inst3|temporal'
Slack : 0.312
TNS   : 0.000

Type  : Slow 1200mV 0C Model Hold 'clock'
Slack : 0.554
TNS   : 0.000

Type  : Slow 1200mV 0C Model Hold 'WriteIns'
Slack : 1.977
TNS   : 0.000

Type  : Slow 1200mV 0C Model Minimum Pulse Width 'clock'
Slack : -3.000
TNS   : -4241.000

Type  : Slow 1200mV 0C Model Minimum Pulse Width 'WriteIns'
Slack : -3.000
TNS   : -4099.000

Type  : Slow 1200mV 0C Model Minimum Pulse Width 'CLK'
Slack : -3.000
TNS   : -77.000

Type  : Slow 1200mV 0C Model Minimum Pulse Width 'Protoboard:inst6|Practica2:b2v_inst7|div_freq:b2v_inst3|temporal'
Slack : -1.000
TNS   : -2.000

Type  : Fast 1200mV 0C Model Setup 'clock'
Slack : -11.174
TNS   : -31735.865

Type  : Fast 1200mV 0C Model Setup 'CLK'
Slack : -5.436
TNS   : -99.777

Type  : Fast 1200mV 0C Model Setup 'WriteIns'
Slack : -2.565
TNS   : -7209.421

Type  : Fast 1200mV 0C Model Setup 'Protoboard:inst6|Practica2:b2v_inst7|div_freq:b2v_inst3|temporal'
Slack : 0.540
TNS   : 0.000

Type  : Fast 1200mV 0C Model Hold 'CLK'
Slack : 0.177
TNS   : 0.000

Type  : Fast 1200mV 0C Model Hold 'Protoboard:inst6|Practica2:b2v_inst7|div_freq:b2v_inst3|temporal'
Slack : 0.187
TNS   : 0.000

Type  : Fast 1200mV 0C Model Hold 'clock'
Slack : 0.330
TNS   : 0.000

Type  : Fast 1200mV 0C Model Hold 'WriteIns'
Slack : 1.209
TNS   : 0.000

Type  : Fast 1200mV 0C Model Minimum Pulse Width 'clock'
Slack : -3.000
TNS   : -5127.875

Type  : Fast 1200mV 0C Model Minimum Pulse Width 'WriteIns'
Slack : -3.000
TNS   : -4560.376

Type  : Fast 1200mV 0C Model Minimum Pulse Width 'CLK'
Slack : -3.000
TNS   : -83.724

Type  : Fast 1200mV 0C Model Minimum Pulse Width 'Protoboard:inst6|Practica2:b2v_inst7|div_freq:b2v_inst3|temporal'
Slack : -1.000
TNS   : -2.000

------------------------------------------------------------
